(PosixPath('sample/0a89357e00423d67e596441e6551d3ede0c05b/python_scripts/midi_state_to_compressed_classes.ipynb'), TypeError('cannot unpack non-iterable int object'))
